// Jest Snapshot v1, https://goo.gl/fbAQLP

exports[`Splash Screen test suite renders the initial component 1`] = `
<View
  style={
    {
      "alignItems": "center",
      "flex": 1,
      "justifyContent": "center",
    }
  }
>
  <Text>
    Welcome to Zeller
  </Text>
  <ActivityIndicator />
</View>
`;
